// Jest Snapshot v1, https://goo.gl/fbAQLP

exports[`Should render AddExpensePage 1`] = `
<div>
  <h2>
    This is "Add Expense Page"
  </h2>
  <ExpenseForm
    onSubmit={[Function]}
  />
</div>
`;
