// Jest Snapshot v1, https://goo.gl/fbAQLP

exports[`Should render ExpenseDashboardPage 1`] = `
<div>
  <h2>
    This is "Expense Dashboard Home Page"
  </h2>
  <Connect(ExpenseSummary) />
  <Connect(ExpenseListFilters) />
  <Connect(ExpenseList) />
</div>
`;
