// Jest Snapshot v1, https://goo.gl/fbAQLP

exports[`Should render Login Page correctly 1`] = `
<div>
  <h1>
    Please login to continue
  </h1>
  <button>
    Login
  </button>
</div>
`;
